// Jest Snapshot v1, https://goo.gl/fbAQLP

exports[`App Component should render self and subcomponents 1`] = `ShallowWrapper {}`;
